// Jest Snapshot v1, https://goo.gl/fbAQLP

exports[`<App /> should render and match the snapshot 1`] = `
<BrowserRouter>
  <Helmet
    defaultTitle="Linkup"
    defer={true}
    encodeSpecialCharacters={true}
    htmlAttributes={
      Object {
        "lang": "en-US",
      }
    }
    prioritizeSeoTags={false}
    titleTemplate="Linkup - %s"
  >
    <meta
      content="A Social app"
      name="description"
    />
  </Helmet>
  <React.Fragment>
    <Memo />
  </React.Fragment>
  <Memo(l) />
</BrowserRouter>
`;
